
=== 2026-09-15 11:23:33 — avvio aggiornamento ===

Non riesco a connettermi al database.

   URL        postgresql+psycopg://lotto:***@localhost:5433/lotto
   PostgreSQL connection failed: connection to server at "127.0.0.1", port 5433 failed: could not receive data from server: Socket is not connected (0x00002749/10057)

Nessun server PostgreSQL in ascolto all'indirizzo indicato.

Avvia il servizio installato:
   Get-Service *postgres*
   Start-Service postgresql-x64-16

oppure avvia un container (richiede Docker Desktop acceso):
   docker run -d --name lotto-db -e POSTGRES_USER=lotto -e POSTGRES_PASSWORD=lotto -e POSTGRES_DB=lotto -p 5432:5432 postgres:16

esito: FALLITO (database non pronto)

=== 2026-09-15 11:29:45 - avvio aggiornamento ===
concorsi attesi     48  (2026-06-21 -> 2026-09-15)
concorsi scaricati  48
righe scritte       480

rilevamento su 48 nuovi concorsi
   500 previsioni generate

valutazione delle sorti aperte
   esaminate 2197, nuovi esiti 497, vinte 289, scadute 1658
esito: OK  (durata 17s)

=== 2026-09-15 11:51:19 - avvio aggiornamento (avvio) ===
Nessun concorso nuovo: l'archivio e' gia' aggiornato (ultima estrazione prima del 2026-09-13).
esito: OK  (durata 0s)

=== 2026-09-15 11:57:14 - avvio aggiornamento (richiesto) ===
Nessun concorso nuovo: l'archivio e' gia' aggiornato (ultima estrazione prima del 2026-09-13).
esito: OK  (durata 0s)
